Component: ARM Compiler 5.06 update 5 (build 528) Tool: armlink [4d35e2]

==============================================================================

Section Cross References

    main.o(.text) refers to memcpya.o(.text) for __aeabi_memcpy4
    main.o(.text) refers to validate_uart.o(.text) for initialize_serial_debug
    main.o(.text) refers to lcd.o(.text) for lcd_config_gpio
    main.o(.text) refers to ece353_hw2_fonts.o(.text) for lcd_print_stringXY
    main.o(.text) refers to main.o(.data) for individual
    ece353_hw2_fonts.o(.text) refers to lcd.o(.text) for lcd_set_pos
    ece353_hw2_fonts.o(.text) refers to lcd.o(i.lcd_write_data_u16) for lcd_write_data_u16
    ece353_hw2_fonts.o(.text) refers to strlen.o(.text) for strlen
    ece353_hw2_fonts.o(.text) refers to ece353_hw2_fonts.o(.constdata) for courierNewBitmap
    lcd.o(.text) refers to lcd.o(i.lcd_write_data_u16) for lcd_write_data_u16
    lcd.o(.text) refers to gpio_port.o(.text) for gpio_enable_port
    startup_tm4c123.o(RESET) refers to startup_tm4c123.o(STACK) for __initial_sp
    startup_tm4c123.o(RESET) refers to startup_tm4c123.o(.text) for Reset_Handler
    startup_tm4c123.o(.text) refers to system_tm4c123.o(.text) for SystemInit
    startup_tm4c123.o(.text) refers to entry.o(.ARM.Collect$$$$00000000) for __main
    system_tm4c123.o(.text) refers to system_tm4c123.o(.data) for SystemCoreClock
    validate_uart.o(.text) refers to printf6.o(i.__0sprintf$6) for __2sprintf
    validate_uart.o(.text) refers to validate_sysctl.o(.text) for validate_uart_rcgc
    validate_uart.o(.text) refers to validate_uart.o(.conststring) for .conststring
    entry.o(.ARM.Collect$$$$00000000) refers (Special) to entry10a.o(.ARM.Collect$$$$0000000D) for __rt_final_cpp
    entry.o(.ARM.Collect$$$$00000000) refers (Special) to entry11a.o(.ARM.Collect$$$$0000000F) for __rt_final_exit
    entry.o(.ARM.Collect$$$$00000000) refers (Special) to entry7b.o(.ARM.Collect$$$$00000008) for _main_clock
    entry.o(.ARM.Collect$$$$00000000) refers (Special) to entry8b.o(.ARM.Collect$$$$0000000A) for _main_cpp_init
    entry.o(.ARM.Collect$$$$00000000) refers (Special) to entry9a.o(.ARM.Collect$$$$0000000B) for _main_init
    entry.o(.ARM.Collect$$$$00000000) refers (Special) to entry5.o(.ARM.Collect$$$$00000004) for _main_scatterload
    entry.o(.ARM.Collect$$$$00000000) refers (Special) to entry2.o(.ARM.Collect$$$$00000001) for _main_stk
    printfb.o(i.__0fprintf$bare) refers to printfb.o(i._printf_core) for _printf_core
    printfb.o(i.__0fprintf$bare) refers to fputc.o(i.fputc) for fputc
    printfb.o(i.__0printf$bare) refers to printfb.o(i._printf_core) for _printf_core
    printfb.o(i.__0printf$bare) refers to fputc.o(i.fputc) for fputc
    printfb.o(i.__0printf$bare) refers to stdout.o(.data) for __stdout
    printfb.o(i.__0snprintf$bare) refers to printfb.o(i._printf_core) for _printf_core
    printfb.o(i.__0snprintf$bare) refers to printfb.o(i._snputc) for _snputc
    printfb.o(i.__0sprintf$bare) refers to printfb.o(i._printf_core) for _printf_core
    printfb.o(i.__0sprintf$bare) refers to printfb.o(i._sputc) for _sputc
    printfb.o(i.__0vfprintf$bare) refers to printfb.o(i._printf_core) for _printf_core
    printfb.o(i.__0vfprintf$bare) refers to fputc.o(i.fputc) for fputc
    printfb.o(i.__0vprintf$bare) refers to printfb.o(i._printf_core) for _printf_core
    printfb.o(i.__0vprintf$bare) refers to fputc.o(i.fputc) for fputc
    printfb.o(i.__0vprintf$bare) refers to stdout.o(.data) for __stdout
    printfb.o(i.__0vsnprintf$bare) refers to printfb.o(i._printf_core) for _printf_core
    printfb.o(i.__0vsnprintf$bare) refers to printfb.o(i._snputc) for _snputc
    printfb.o(i.__0vsprintf$bare) refers to printfb.o(i._printf_core) for _printf_core
    printfb.o(i.__0vsprintf$bare) refers to printfb.o(i._sputc) for _sputc
    printf0.o(i.__0fprintf$0) refers to printf0.o(i._printf_core) for _printf_core
    printf0.o(i.__0fprintf$0) refers to fputc.o(i.fputc) for fputc
    printf0.o(i.__0printf$0) refers to printf0.o(i._printf_core) for _printf_core
    printf0.o(i.__0printf$0) refers to fputc.o(i.fputc) for fputc
    printf0.o(i.__0printf$0) refers to stdout.o(.data) for __stdout
    printf0.o(i.__0snprintf$0) refers to printf0.o(i._printf_core) for _printf_core
    printf0.o(i.__0snprintf$0) refers to printf0.o(i._snputc) for _snputc
    printf0.o(i.__0sprintf$0) refers to printf0.o(i._printf_core) for _printf_core
    printf0.o(i.__0sprintf$0) refers to printf0.o(i._sputc) for _sputc
    printf0.o(i.__0vfprintf$0) refers to printf0.o(i._printf_core) for _printf_core
    printf0.o(i.__0vfprintf$0) refers to fputc.o(i.fputc) for fputc
    printf0.o(i.__0vprintf$0) refers to printf0.o(i._printf_core) for _printf_core
    printf0.o(i.__0vprintf$0) refers to fputc.o(i.fputc) for fputc
    printf0.o(i.__0vprintf$0) refers to stdout.o(.data) for __stdout
    printf0.o(i.__0vsnprintf$0) refers to printf0.o(i._printf_core) for _printf_core
    printf0.o(i.__0vsnprintf$0) refers to printf0.o(i._snputc) for _snputc
    printf0.o(i.__0vsprintf$0) refers to printf0.o(i._printf_core) for _printf_core
    printf0.o(i.__0vsprintf$0) refers to printf0.o(i._sputc) for _sputc
    printf1.o(i.__0fprintf$1) refers to printf1.o(i._printf_core) for _printf_core
    printf1.o(i.__0fprintf$1) refers to fputc.o(i.fputc) for fputc
    printf1.o(i.__0printf$1) refers to printf1.o(i._printf_core) for _printf_core
    printf1.o(i.__0printf$1) refers to fputc.o(i.fputc) for fputc
    printf1.o(i.__0printf$1) refers to stdout.o(.data) for __stdout
    printf1.o(i.__0snprintf$1) refers to printf1.o(i._printf_core) for _printf_core
    printf1.o(i.__0snprintf$1) refers to printf1.o(i._snputc) for _snputc
    printf1.o(i.__0sprintf$1) refers to printf1.o(i._printf_core) for _printf_core
    printf1.o(i.__0sprintf$1) refers to printf1.o(i._sputc) for _sputc
    printf1.o(i.__0vfprintf$1) refers to printf1.o(i._printf_core) for _printf_core
    printf1.o(i.__0vfprintf$1) refers to fputc.o(i.fputc) for fputc
    printf1.o(i.__0vprintf$1) refers to printf1.o(i._printf_core) for _printf_core
    printf1.o(i.__0vprintf$1) refers to fputc.o(i.fputc) for fputc
    printf1.o(i.__0vprintf$1) refers to stdout.o(.data) for __stdout
    printf1.o(i.__0vsnprintf$1) refers to printf1.o(i._printf_core) for _printf_core
    printf1.o(i.__0vsnprintf$1) refers to printf1.o(i._snputc) for _snputc
    printf1.o(i.__0vsprintf$1) refers to printf1.o(i._printf_core) for _printf_core
    printf1.o(i.__0vsprintf$1) refers to printf1.o(i._sputc) for _sputc
    printf1.o(i._printf_core) refers to uidiv.o(.text) for __aeabi_uidivmod
    printf2.o(i.__0fprintf$2) refers to printf2.o(i._printf_core) for _printf_core
    printf2.o(i.__0fprintf$2) refers to fputc.o(i.fputc) for fputc
    printf2.o(i.__0printf$2) refers to printf2.o(i._printf_core) for _printf_core
    printf2.o(i.__0printf$2) refers to fputc.o(i.fputc) for fputc
    printf2.o(i.__0printf$2) refers to stdout.o(.data) for __stdout
    printf2.o(i.__0snprintf$2) refers to printf2.o(i._printf_core) for _printf_core
    printf2.o(i.__0snprintf$2) refers to printf2.o(i._snputc) for _snputc
    printf2.o(i.__0sprintf$2) refers to printf2.o(i._printf_core) for _printf_core
    printf2.o(i.__0sprintf$2) refers to printf2.o(i._sputc) for _sputc
    printf2.o(i.__0vfprintf$2) refers to printf2.o(i._printf_core) for _printf_core
    printf2.o(i.__0vfprintf$2) refers to fputc.o(i.fputc) for fputc
    printf2.o(i.__0vprintf$2) refers to printf2.o(i._printf_core) for _printf_core
    printf2.o(i.__0vprintf$2) refers to fputc.o(i.fputc) for fputc
    printf2.o(i.__0vprintf$2) refers to stdout.o(.data) for __stdout
    printf2.o(i.__0vsnprintf$2) refers to printf2.o(i._printf_core) for _printf_core
    printf2.o(i.__0vsnprintf$2) refers to printf2.o(i._snputc) for _snputc
    printf2.o(i.__0vsprintf$2) refers to printf2.o(i._printf_core) for _printf_core
    printf2.o(i.__0vsprintf$2) refers to printf2.o(i._sputc) for _sputc
    printf3.o(i.__0fprintf$3) refers to printf3.o(i._printf_core) for _printf_core
    printf3.o(i.__0fprintf$3) refers to fputc.o(i.fputc) for fputc
    printf3.o(i.__0printf$3) refers to printf3.o(i._printf_core) for _printf_core
    printf3.o(i.__0printf$3) refers to fputc.o(i.fputc) for fputc
    printf3.o(i.__0printf$3) refers to stdout.o(.data) for __stdout
    printf3.o(i.__0snprintf$3) refers to printf3.o(i._printf_core) for _printf_core
    printf3.o(i.__0snprintf$3) refers to printf3.o(i._snputc) for _snputc
    printf3.o(i.__0sprintf$3) refers to printf3.o(i._printf_core) for _printf_core
    printf3.o(i.__0sprintf$3) refers to printf3.o(i._sputc) for _sputc
    printf3.o(i.__0vfprintf$3) refers to printf3.o(i._printf_core) for _printf_core
    printf3.o(i.__0vfprintf$3) refers to fputc.o(i.fputc) for fputc
    printf3.o(i.__0vprintf$3) refers to printf3.o(i._printf_core) for _printf_core
    printf3.o(i.__0vprintf$3) refers to fputc.o(i.fputc) for fputc
    printf3.o(i.__0vprintf$3) refers to stdout.o(.data) for __stdout
    printf3.o(i.__0vsnprintf$3) refers to printf3.o(i._printf_core) for _printf_core
    printf3.o(i.__0vsnprintf$3) refers to printf3.o(i._snputc) for _snputc
    printf3.o(i.__0vsprintf$3) refers to printf3.o(i._printf_core) for _printf_core
    printf3.o(i.__0vsprintf$3) refers to printf3.o(i._sputc) for _sputc
    printf3.o(i._printf_core) refers to uidiv.o(.text) for __aeabi_uidivmod
    printf4.o(i.__0fprintf$4) refers to printf4.o(i._printf_core) for _printf_core
    printf4.o(i.__0fprintf$4) refers to fputc.o(i.fputc) for fputc
    printf4.o(i.__0printf$4) refers to printf4.o(i._printf_core) for _printf_core
    printf4.o(i.__0printf$4) refers to fputc.o(i.fputc) for fputc
    printf4.o(i.__0printf$4) refers to stdout.o(.data) for __stdout
    printf4.o(i.__0snprintf$4) refers to printf4.o(i._printf_core) for _printf_core
    printf4.o(i.__0snprintf$4) refers to printf4.o(i._snputc) for _snputc
    printf4.o(i.__0sprintf$4) refers to printf4.o(i._printf_core) for _printf_core
    printf4.o(i.__0sprintf$4) refers to printf4.o(i._sputc) for _sputc
    printf4.o(i.__0vfprintf$4) refers to printf4.o(i._printf_core) for _printf_core
    printf4.o(i.__0vfprintf$4) refers to fputc.o(i.fputc) for fputc
    printf4.o(i.__0vprintf$4) refers to printf4.o(i._printf_core) for _printf_core
    printf4.o(i.__0vprintf$4) refers to fputc.o(i.fputc) for fputc
    printf4.o(i.__0vprintf$4) refers to stdout.o(.data) for __stdout
    printf4.o(i.__0vsnprintf$4) refers to printf4.o(i._printf_core) for _printf_core
    printf4.o(i.__0vsnprintf$4) refers to printf4.o(i._snputc) for _snputc
    printf4.o(i.__0vsprintf$4) refers to printf4.o(i._printf_core) for _printf_core
    printf4.o(i.__0vsprintf$4) refers to printf4.o(i._sputc) for _sputc
    printf4.o(i._printf_core) refers to uldiv.o(.text) for __aeabi_uldivmod
    printf5.o(i.__0fprintf$5) refers to printf5.o(i._printf_core) for _printf_core
    printf5.o(i.__0fprintf$5) refers to fputc.o(i.fputc) for fputc
    printf5.o(i.__0printf$5) refers to printf5.o(i._printf_core) for _printf_core
    printf5.o(i.__0printf$5) refers to fputc.o(i.fputc) for fputc
    printf5.o(i.__0printf$5) refers to stdout.o(.data) for __stdout
    printf5.o(i.__0snprintf$5) refers to printf5.o(i._printf_core) for _printf_core
    printf5.o(i.__0snprintf$5) refers to printf5.o(i._snputc) for _snputc
    printf5.o(i.__0sprintf$5) refers to printf5.o(i._printf_core) for _printf_core
    printf5.o(i.__0sprintf$5) refers to printf5.o(i._sputc) for _sputc
    printf5.o(i.__0vfprintf$5) refers to printf5.o(i._printf_core) for _printf_core
    printf5.o(i.__0vfprintf$5) refers to fputc.o(i.fputc) for fputc
    printf5.o(i.__0vprintf$5) refers to printf5.o(i._printf_core) for _printf_core
    printf5.o(i.__0vprintf$5) refers to fputc.o(i.fputc) for fputc
    printf5.o(i.__0vprintf$5) refers to stdout.o(.data) for __stdout
    printf5.o(i.__0vsnprintf$5) refers to printf5.o(i._printf_core) for _printf_core
    printf5.o(i.__0vsnprintf$5) refers to printf5.o(i._snputc) for _snputc
    printf5.o(i.__0vsprintf$5) refers to printf5.o(i._printf_core) for _printf_core
    printf5.o(i.__0vsprintf$5) refers to printf5.o(i._sputc) for _sputc
    printf5.o(i._printf_core) refers to uldiv.o(.text) for __aeabi_uldivmod
    printf6.o(i.__0fprintf$6) refers to printf6.o(i._printf_core) for _printf_core
    printf6.o(i.__0fprintf$6) refers to fputc.o(i.fputc) for fputc
    printf6.o(i.__0printf$6) refers to printf6.o(i._printf_core) for _printf_core
    printf6.o(i.__0printf$6) refers to fputc.o(i.fputc) for fputc
    printf6.o(i.__0printf$6) refers to stdout.o(.data) for __stdout
    printf6.o(i.__0snprintf$6) refers to printf6.o(i._printf_core) for _printf_core
    printf6.o(i.__0snprintf$6) refers to printf6.o(i._snputc) for _snputc
    printf6.o(i.__0sprintf$6) refers to printf6.o(i._printf_core) for _printf_core
    printf6.o(i.__0sprintf$6) refers to printf6.o(i._sputc) for _sputc
    printf6.o(i.__0vfprintf$6) refers to printf6.o(i._printf_core) for _printf_core
    printf6.o(i.__0vfprintf$6) refers to fputc.o(i.fputc) for fputc
    printf6.o(i.__0vprintf$6) refers to printf6.o(i._printf_core) for _printf_core
    printf6.o(i.__0vprintf$6) refers to fputc.o(i.fputc) for fputc
    printf6.o(i.__0vprintf$6) refers to stdout.o(.data) for __stdout
    printf6.o(i.__0vsnprintf$6) refers to printf6.o(i._printf_core) for _printf_core
    printf6.o(i.__0vsnprintf$6) refers to printf6.o(i._snputc) for _snputc
    printf6.o(i.__0vsprintf$6) refers to printf6.o(i._printf_core) for _printf_core
    printf6.o(i.__0vsprintf$6) refers to printf6.o(i._sputc) for _sputc
    printf6.o(i._printf_core) refers to printf6.o(i._printf_pre_padding) for _printf_pre_padding
    printf6.o(i._printf_core) refers to uidiv.o(.text) for __aeabi_uidivmod
    printf6.o(i._printf_core) refers to printf6.o(i._printf_post_padding) for _printf_post_padding
    printf7.o(i.__0fprintf$7) refers to printf7.o(i._printf_core) for _printf_core
    printf7.o(i.__0fprintf$7) refers to fputc.o(i.fputc) for fputc
    printf7.o(i.__0printf$7) refers to printf7.o(i._printf_core) for _printf_core
    printf7.o(i.__0printf$7) refers to fputc.o(i.fputc) for fputc
    printf7.o(i.__0printf$7) refers to stdout.o(.data) for __stdout
    printf7.o(i.__0snprintf$7) refers to printf7.o(i._printf_core) for _printf_core
    printf7.o(i.__0snprintf$7) refers to printf7.o(i._snputc) for _snputc
    printf7.o(i.__0sprintf$7) refers to printf7.o(i._printf_core) for _printf_core
    printf7.o(i.__0sprintf$7) refers to printf7.o(i._sputc) for _sputc
    printf7.o(i.__0vfprintf$7) refers to printf7.o(i._printf_core) for _printf_core
    printf7.o(i.__0vfprintf$7) refers to fputc.o(i.fputc) for fputc
    printf7.o(i.__0vprintf$7) refers to printf7.o(i._printf_core) for _printf_core
    printf7.o(i.__0vprintf$7) refers to fputc.o(i.fputc) for fputc
    printf7.o(i.__0vprintf$7) refers to stdout.o(.data) for __stdout
    printf7.o(i.__0vsnprintf$7) refers to printf7.o(i._printf_core) for _printf_core
    printf7.o(i.__0vsnprintf$7) refers to printf7.o(i._snputc) for _snputc
    printf7.o(i.__0vsprintf$7) refers to printf7.o(i._printf_core) for _printf_core
    printf7.o(i.__0vsprintf$7) refers to printf7.o(i._sputc) for _sputc
    printf7.o(i._printf_core) refers to printf7.o(i._printf_pre_padding) for _printf_pre_padding
    printf7.o(i._printf_core) refers to uldiv.o(.text) for __aeabi_uldivmod
    printf7.o(i._printf_core) refers to printf7.o(i._printf_post_padding) for _printf_post_padding
    printf8.o(i.__0fprintf$8) refers to printf8.o(i._printf_core) for _printf_core
    printf8.o(i.__0fprintf$8) refers to fputc.o(i.fputc) for fputc
    printf8.o(i.__0printf$8) refers to printf8.o(i._printf_core) for _printf_core
    printf8.o(i.__0printf$8) refers to fputc.o(i.fputc) for fputc
    printf8.o(i.__0printf$8) refers to stdout.o(.data) for __stdout
    printf8.o(i.__0snprintf$8) refers to printf8.o(i._printf_core) for _printf_core
    printf8.o(i.__0snprintf$8) refers to printf8.o(i._snputc) for _snputc
    printf8.o(i.__0sprintf$8) refers to printf8.o(i._printf_core) for _printf_core
    printf8.o(i.__0sprintf$8) refers to printf8.o(i._sputc) for _sputc
    printf8.o(i.__0vfprintf$8) refers to printf8.o(i._printf_core) for _printf_core
    printf8.o(i.__0vfprintf$8) refers to fputc.o(i.fputc) for fputc
    printf8.o(i.__0vprintf$8) refers to printf8.o(i._printf_core) for _printf_core
    printf8.o(i.__0vprintf$8) refers to fputc.o(i.fputc) for fputc
    printf8.o(i.__0vprintf$8) refers to stdout.o(.data) for __stdout
    printf8.o(i.__0vsnprintf$8) refers to printf8.o(i._printf_core) for _printf_core
    printf8.o(i.__0vsnprintf$8) refers to printf8.o(i._snputc) for _snputc
    printf8.o(i.__0vsprintf$8) refers to printf8.o(i._printf_core) for _printf_core
    printf8.o(i.__0vsprintf$8) refers to printf8.o(i._sputc) for _sputc
    printf8.o(i._printf_core) refers to printf8.o(i._printf_pre_padding) for _printf_pre_padding
    printf8.o(i._printf_core) refers to uldiv.o(.text) for __aeabi_uldivmod
    printf8.o(i._printf_core) refers to printf8.o(i._printf_post_padding) for _printf_post_padding
    printfa.o(i.__0fprintf) refers (Special) to iusefp.o(.text) for __I$use$fp
    printfa.o(i.__0fprintf) refers to printfa.o(i._printf_core) for _printf_core
    printfa.o(i.__0fprintf) refers to fputc.o(i.fputc) for fputc
    printfa.o(i.__0printf) refers (Special) to iusefp.o(.text) for __I$use$fp
    printfa.o(i.__0printf) refers to printfa.o(i._printf_core) for _printf_core
    printfa.o(i.__0printf) refers to fputc.o(i.fputc) for fputc
    printfa.o(i.__0printf) refers to stdout.o(.data) for __stdout
    printfa.o(i.__0snprintf) refers (Special) to iusefp.o(.text) for __I$use$fp
    printfa.o(i.__0snprintf) refers to printfa.o(i._printf_core) for _printf_core
    printfa.o(i.__0snprintf) refers to printfa.o(i._snputc) for _snputc
    printfa.o(i.__0sprintf) refers (Special) to iusefp.o(.text) for __I$use$fp
    printfa.o(i.__0sprintf) refers to printfa.o(i._printf_core) for _printf_core
    printfa.o(i.__0sprintf) refers to printfa.o(i._sputc) for _sputc
    printfa.o(i.__0vfprintf) refers (Special) to iusefp.o(.text) for __I$use$fp
    printfa.o(i.__0vfprintf) refers to printfa.o(i._printf_core) for _printf_core
    printfa.o(i.__0vfprintf) refers to fputc.o(i.fputc) for fputc
    printfa.o(i.__0vprintf) refers (Special) to iusefp.o(.text) for __I$use$fp
    printfa.o(i.__0vprintf) refers to printfa.o(i._printf_core) for _printf_core
    printfa.o(i.__0vprintf) refers to fputc.o(i.fputc) for fputc
    printfa.o(i.__0vprintf) refers to stdout.o(.data) for __stdout
    printfa.o(i.__0vsnprintf) refers (Special) to iusefp.o(.text) for __I$use$fp
    printfa.o(i.__0vsnprintf) refers to printfa.o(i._printf_core) for _printf_core
    printfa.o(i.__0vsnprintf) refers to printfa.o(i._snputc) for _snputc
    printfa.o(i.__0vsprintf) refers (Special) to iusefp.o(.text) for __I$use$fp
    printfa.o(i.__0vsprintf) refers to printfa.o(i._printf_core) for _printf_core
    printfa.o(i.__0vsprintf) refers to printfa.o(i._sputc) for _sputc
    printfa.o(i._fp_digits) refers (Special) to iusefp.o(.text) for __I$use$fp
    printfa.o(i._fp_digits) refers to dmul.o(.text) for __aeabi_dmul
    printfa.o(i._fp_digits) refers to ddiv.o(.text) for __aeabi_ddiv
    printfa.o(i._fp_digits) refers to cdrcmple.o(.text) for __aeabi_cdrcmple
    printfa.o(i._fp_digits) refers to dadd.o(.text) for __aeabi_dadd
    printfa.o(i._fp_digits) refers to dfixul.o(.text) for __aeabi_d2ulz
    printfa.o(i._fp_digits) refers to uldiv.o(.text) for __aeabi_uldivmod
    printfa.o(i._printf_core) refers (Special) to iusefp.o(.text) for __I$use$fp
    printfa.o(i._printf_core) refers to printfa.o(i._printf_pre_padding) for _printf_pre_padding
    printfa.o(i._printf_core) refers to uldiv.o(.text) for __aeabi_uldivmod
    printfa.o(i._printf_core) refers to printfa.o(i._printf_post_padding) for _printf_post_padding
    printfa.o(i._printf_core) refers to printfa.o(i._fp_digits) for _fp_digits
    printfa.o(i._printf_core) refers to uidiv.o(.text) for __aeabi_uidivmod
    printfa.o(i._printf_post_padding) refers (Special) to iusefp.o(.text) for __I$use$fp
    printfa.o(i._printf_pre_padding) refers (Special) to iusefp.o(.text) for __I$use$fp
    printfa.o(i._snputc) refers (Special) to iusefp.o(.text) for __I$use$fp
    printfa.o(i._sputc) refers (Special) to iusefp.o(.text) for __I$use$fp
    entry2.o(.ARM.Collect$$$$00000001) refers to entry2.o(.ARM.Collect$$$$00002712) for __lit__00000000
    entry2.o(.ARM.Collect$$$$00002712) refers to startup_tm4c123.o(STACK) for __initial_sp
    entry2.o(__vectab_stack_and_reset_area) refers to startup_tm4c123.o(STACK) for __initial_sp
    entry2.o(__vectab_stack_and_reset_area) refers to entry.o(.ARM.Collect$$$$00000000) for __main
    entry5.o(.ARM.Collect$$$$00000004) refers to init.o(.text) for __scatterload
    entry9a.o(.ARM.Collect$$$$0000000B) refers to main.o(.text) for main
    entry9b.o(.ARM.Collect$$$$0000000C) refers to main.o(.text) for main
    fputc.o(i.fputc) refers (Special) to iusesemip.o(.text) for __I$use$semihosting$fputc
    fputc.o(i.fputc) refers (Special) to semi.o(.text) for __semihosting_library_function
    uldiv.o(.text) refers to llushr.o(.text) for __aeabi_llsr
    uldiv.o(.text) refers to llshl.o(.text) for __aeabi_llsl
    dadd.o(.text) refers to llshl.o(.text) for __aeabi_llsl
    dadd.o(.text) refers to llsshr.o(.text) for __aeabi_lasr
    dadd.o(.text) refers to depilogue.o(.text) for _double_epilogue
    dmul.o(.text) refers to depilogue.o(.text) for _double_epilogue
    ddiv.o(.text) refers to depilogue.o(.text) for _double_round
    dfixul.o(.text) refers to llushr.o(.text) for __aeabi_llsr
    dfixul.o(.text) refers to llshl.o(.text) for __aeabi_llsl
    init.o(.text) refers to entry5.o(.ARM.Collect$$$$00000004) for __main_after_scatterload
    depilogue.o(.text) refers to llshl.o(.text) for __aeabi_llsl
    depilogue.o(.text) refers to llushr.o(.text) for __aeabi_llsr


==============================================================================

Removing Unused input sections from the image.

    Removing main.o(.rev16_text), (4 bytes).
    Removing main.o(.revsh_text), (4 bytes).
    Removing main.o(.rrx_text), (6 bytes).
    Removing ece353_hw2_fonts.o(.rev16_text), (4 bytes).
    Removing ece353_hw2_fonts.o(.revsh_text), (4 bytes).
    Removing ece353_hw2_fonts.o(.rrx_text), (6 bytes).
    Removing gpio_port.o(.rev16_text), (4 bytes).
    Removing gpio_port.o(.revsh_text), (4 bytes).
    Removing gpio_port.o(.rrx_text), (6 bytes).
    Removing lcd.o(.rev16_text), (4 bytes).
    Removing lcd.o(.revsh_text), (4 bytes).
    Removing lcd.o(.rrx_text), (6 bytes).
    Removing lcd_images.o(.constdata), (4864 bytes).
    Removing startup_tm4c123.o(HEAP), (0 bytes).
    Removing system_tm4c123.o(.rev16_text), (4 bytes).
    Removing system_tm4c123.o(.revsh_text), (4 bytes).
    Removing system_tm4c123.o(.rrx_text), (6 bytes).
    Removing validate_uart.o(.rev16_text), (4 bytes).
    Removing validate_uart.o(.revsh_text), (4 bytes).
    Removing validate_uart.o(.rrx_text), (6 bytes).
    Removing validate_sysctl.o(.rev16_text), (4 bytes).
    Removing validate_sysctl.o(.revsh_text), (4 bytes).
    Removing validate_sysctl.o(.rrx_text), (6 bytes).
    Removing dadd.o(.text), (334 bytes).
    Removing dmul.o(.text), (228 bytes).
    Removing ddiv.o(.text), (222 bytes).
    Removing dfixul.o(.text), (48 bytes).
    Removing cdrcmple.o(.text), (48 bytes).
    Removing depilogue.o(.text), (186 bytes).

29 unused section(s) (total 6028 bytes) removed from the image.

==============================================================================

Image Symbol Table

    Local Symbols

    Symbol Name                              Value     Ov Type        Size  Object(Section)

    RESET                                    0x00000000   Section      620  startup_tm4c123.o(RESET)
    ../clib/microlib/division.c              0x00000000   Number         0  uldiv.o ABSOLUTE
    ../clib/microlib/division.c              0x00000000   Number         0  uidiv.o ABSOLUTE
    ../clib/microlib/init/entry.s            0x00000000   Number         0  entry7b.o ABSOLUTE
    ../clib/microlib/init/entry.s            0x00000000   Number         0  entry7a.o ABSOLUTE
    ../clib/microlib/init/entry.s            0x00000000   Number         0  entry5.o ABSOLUTE
    ../clib/microlib/init/entry.s            0x00000000   Number         0  entry2.o ABSOLUTE
    ../clib/microlib/init/entry.s            0x00000000   Number         0  entry10a.o ABSOLUTE
    ../clib/microlib/init/entry.s            0x00000000   Number         0  entry.o ABSOLUTE
    ../clib/microlib/init/entry.s            0x00000000   Number         0  entry9b.o ABSOLUTE
    ../clib/microlib/init/entry.s            0x00000000   Number         0  entry9a.o ABSOLUTE
    ../clib/microlib/init/entry.s            0x00000000   Number         0  entry8b.o ABSOLUTE
    ../clib/microlib/init/entry.s            0x00000000   Number         0  entry8a.o ABSOLUTE
    ../clib/microlib/init/entry.s            0x00000000   Number         0  entry11b.o ABSOLUTE
    ../clib/microlib/init/entry.s            0x00000000   Number         0  entry11a.o ABSOLUTE
    ../clib/microlib/init/entry.s            0x00000000   Number         0  entry10b.o ABSOLUTE
    ../clib/microlib/longlong.c              0x00000000   Number         0  llsshr.o ABSOLUTE
    ../clib/microlib/longlong.c              0x00000000   Number         0  llushr.o ABSOLUTE
    ../clib/microlib/longlong.c              0x00000000   Number         0  llshl.o ABSOLUTE
    ../clib/microlib/printf/printf.c         0x00000000   Number         0  printfa.o ABSOLUTE
    ../clib/microlib/printf/printf.c         0x00000000   Number         0  printf8.o ABSOLUTE
    ../clib/microlib/printf/printf.c         0x00000000   Number         0  printf7.o ABSOLUTE
    ../clib/microlib/printf/printf.c         0x00000000   Number         0  printf6.o ABSOLUTE
    ../clib/microlib/printf/printf.c         0x00000000   Number         0  printfb.o ABSOLUTE
    ../clib/microlib/printf/printf.c         0x00000000   Number         0  printf5.o ABSOLUTE
    ../clib/microlib/printf/printf.c         0x00000000   Number         0  printf0.o ABSOLUTE
    ../clib/microlib/printf/printf.c         0x00000000   Number         0  printf1.o ABSOLUTE
    ../clib/microlib/printf/printf.c         0x00000000   Number         0  printf3.o ABSOLUTE
    ../clib/microlib/printf/printf.c         0x00000000   Number         0  printf2.o ABSOLUTE
    ../clib/microlib/printf/printf.c         0x00000000   Number         0  printf4.o ABSOLUTE
    ../clib/microlib/printf/stubs.s          0x00000000   Number         0  stubs.o ABSOLUTE
    ../clib/microlib/stdio/fputc.c           0x00000000   Number         0  fputc.o ABSOLUTE
    ../clib/microlib/stdio/semi.s            0x00000000   Number         0  semi.o ABSOLUTE
    ../clib/microlib/stdio/streams.c         0x00000000   Number         0  stdout.o ABSOLUTE
    ../clib/microlib/string/memcpy.c         0x00000000   Number         0  memcpya.o ABSOLUTE
    ../clib/microlib/string/memcpy.c         0x00000000   Number         0  memcpyb.o ABSOLUTE
    ../clib/microlib/string/strlen.c         0x00000000   Number         0  strlen.o ABSOLUTE
    ../clib/microlib/stubs.s                 0x00000000   Number         0  iusefp.o ABSOLUTE
    ../clib/microlib/stubs.s                 0x00000000   Number         0  iusesemip.o ABSOLUTE
    ../fplib/microlib/fpadd.c                0x00000000   Number         0  dadd.o ABSOLUTE
    ../fplib/microlib/fpdiv.c                0x00000000   Number         0  ddiv.o ABSOLUTE
    ../fplib/microlib/fpepilogue.c           0x00000000   Number         0  depilogue.o ABSOLUTE
    ../fplib/microlib/fpfix.c                0x00000000   Number         0  dfixul.o ABSOLUTE
    ../fplib/microlib/fpmul.c                0x00000000   Number         0  dmul.o ABSOLUTE
    ..\\drivers\\c\\gpio_port.c              0x00000000   Number         0  gpio_port.o ABSOLUTE
    ..\\peripherals\\c\\lcd.c                0x00000000   Number         0  lcd.o ABSOLUTE
    ..\drivers\c\gpio_port.c                 0x00000000   Number         0  gpio_port.o ABSOLUTE
    ..\peripherals\c\lcd.c                   0x00000000   Number         0  lcd.o ABSOLUTE
    ..\peripherals\c\lcd_images.c            0x00000000   Number         0  lcd_images.o ABSOLUTE
    RTE\Device\TM4C123GH6PM\startup_TM4C123.s 0x00000000   Number         0  startup_tm4c123.o ABSOLUTE
    RTE\Device\TM4C123GH6PM\system_TM4C123.c 0x00000000   Number         0  system_tm4c123.o ABSOLUTE
    RTE\\Device\\TM4C123GH6PM\\system_TM4C123.c 0x00000000   Number         0  system_tm4c123.o ABSOLUTE
    cdrcmple.s                               0x00000000   Number         0  cdrcmple.o ABSOLUTE
    dc.s                                     0x00000000   Number         0  dc.o ABSOLUTE
    ece353_hw2_fonts.c                       0x00000000   Number         0  ece353_hw2_fonts.o ABSOLUTE
    ece353_hw2_fonts.c                       0x00000000   Number         0  ece353_hw2_fonts.o ABSOLUTE
    handlers.s                               0x00000000   Number         0  handlers.o ABSOLUTE
    init.s                                   0x00000000   Number         0  init.o ABSOLUTE
    main.c                                   0x00000000   Number         0  main.o ABSOLUTE
    main.c                                   0x00000000   Number         0  main.o ABSOLUTE
    validate_sysctl.c                        0x00000000   Number         0  validate_sysctl.o ABSOLUTE
    validate_sysctl.c                        0x00000000   Number         0  validate_sysctl.o ABSOLUTE
    validate_uart.c                          0x00000000   Number         0  validate_uart.o ABSOLUTE
    validate_uart.c                          0x00000000   Number         0  validate_uart.o ABSOLUTE
    .ARM.Collect$$$$00000000                 0x0000026c   Section        0  entry.o(.ARM.Collect$$$$00000000)
    .ARM.Collect$$$$00000001                 0x0000026c   Section        4  entry2.o(.ARM.Collect$$$$00000001)
    .ARM.Collect$$$$00000004                 0x00000270   Section        4  entry5.o(.ARM.Collect$$$$00000004)
    .ARM.Collect$$$$00000008                 0x00000274   Section        0  entry7b.o(.ARM.Collect$$$$00000008)
    .ARM.Collect$$$$0000000A                 0x00000274   Section        0  entry8b.o(.ARM.Collect$$$$0000000A)
    .ARM.Collect$$$$0000000B                 0x00000274   Section        8  entry9a.o(.ARM.Collect$$$$0000000B)
    .ARM.Collect$$$$0000000D                 0x0000027c   Section        0  entry10a.o(.ARM.Collect$$$$0000000D)
    .ARM.Collect$$$$0000000F                 0x0000027c   Section        0  entry11a.o(.ARM.Collect$$$$0000000F)
    .ARM.Collect$$$$00002712                 0x0000027c   Section        4  entry2.o(.ARM.Collect$$$$00002712)
    __lit__00000000                          0x0000027c   Data           4  entry2.o(.ARM.Collect$$$$00002712)
    .text                                    0x00000280   Section        0  main.o(.text)
    .text                                    0x000003cc   Section        0  ece353_hw2_fonts.o(.text)
    .text                                    0x000004d4   Section        0  gpio_port.o(.text)
    verify_base_addr                         0x000004d5   Thumb Code    64  gpio_port.o(.text)
    .text                                    0x0000071c   Section        0  lcd.o(.text)
    delayms                                  0x0000071d   Thumb Code    26  lcd.o(.text)
    lcd_write_cmd_u8                         0x00000737   Thumb Code    34  lcd.o(.text)
    lcd_write_data_u8                        0x00000759   Thumb Code    38  lcd.o(.text)
    .text                                    0x00000bb0   Section      252  startup_tm4c123.o(.text)
    $v0                                      0x00000bb0   Number         0  startup_tm4c123.o(.text)
    .text                                    0x00000cac   Section        0  system_tm4c123.o(.text)
    getOscClk                                0x00000cad   Thumb Code   182  system_tm4c123.o(.text)
    .text                                    0x00000ef8   Section        0  validate_uart.o(.text)
    uart_get_ibrd                            0x00000fa3   Thumb Code    30  validate_uart.o(.text)
    uart_get_fbrd                            0x00000fc1   Thumb Code    28  validate_uart.o(.text)
    uart_get_irq_num                         0x00000fdd   Thumb Code    68  validate_uart.o(.text)
    .text                                    0x000012f8   Section        0  validate_sysctl.o(.text)
    get_gpio_rcgc                            0x000012f9   Thumb Code    74  validate_sysctl.o(.text)
    get_adc_rcgc                             0x00001343   Thumb Code    28  validate_sysctl.o(.text)
    get_gpt_rcgc                             0x0000135f   Thumb Code    74  validate_sysctl.o(.text)
    get_uart_rcgc                            0x000013a9   Thumb Code    68  validate_sysctl.o(.text)
    get_spi_rcgc                             0x000013ed   Thumb Code    48  validate_sysctl.o(.text)
    .text                                    0x000014c4   Section        0  memcpya.o(.text)
    .text                                    0x000014e8   Section        0  strlen.o(.text)
    .text                                    0x000014f6   Section        0  uidiv.o(.text)
    .text                                    0x00001524   Section       36  init.o(.text)
    i.__0sprintf$6                           0x00001548   Section        0  printf6.o(i.__0sprintf$6)
    i.__scatterload_copy                     0x00001570   Section       14  handlers.o(i.__scatterload_copy)
    i.__scatterload_null                     0x0000157e   Section        2  handlers.o(i.__scatterload_null)
    i.__scatterload_zeroinit                 0x00001580   Section       14  handlers.o(i.__scatterload_zeroinit)
    i._printf_core                           0x00001590   Section        0  printf6.o(i._printf_core)
    _printf_core                             0x00001591   Thumb Code   748  printf6.o(i._printf_core)
    i._printf_post_padding                   0x00001880   Section        0  printf6.o(i._printf_post_padding)
    _printf_post_padding                     0x00001881   Thumb Code    36  printf6.o(i._printf_post_padding)
    i._printf_pre_padding                    0x000018a4   Section        0  printf6.o(i._printf_pre_padding)
    _printf_pre_padding                      0x000018a5   Thumb Code    46  printf6.o(i._printf_pre_padding)
    i._sputc                                 0x000018d2   Section        0  printf6.o(i._sputc)
    _sputc                                   0x000018d3   Thumb Code    10  printf6.o(i._sputc)
    i.lcd_write_data_u16                     0x000018dc   Section        0  lcd.o(i.lcd_write_data_u16)
    .constdata                               0x00001928   Section     3040  ece353_hw2_fonts.o(.constdata)
    .conststring                             0x00002508   Section       92  validate_uart.o(.conststring)
    .data                                    0x20000000   Section       16  main.o(.data)
    .data                                    0x20000010   Section        4  system_tm4c123.o(.data)
    STACK                                    0x20000018   Section     8192  startup_tm4c123.o(STACK)

    Global Symbols

    Symbol Name                              Value     Ov Type        Size  Object(Section)

    BuildAttributes$$THM_ISAv4$E$P$D$K$B$S$7EM$VFPi3$EXTD16$VFPS$VFMA$PE$A:L22UL41UL21$X:L11$S22US41US21$IEEE1$IW$USESV6$~STKCKD$USESV7$~SHL$OSPACE$ROPI$EBA8$MICROLIB$REQ8$PRES8$EABIv2 0x00000000   Number         0  anon$$obj.o ABSOLUTE
    __ARM_use_no_argv                        0x00000000   Number         0  main.o ABSOLUTE
    __Vectors                                0x00000000   Data           4  startup_tm4c123.o(RESET)
    _printf_a                                0x00000000   Number         0  stubs.o ABSOLUTE
    _printf_c                                0x00000000   Number         0  stubs.o ABSOLUTE
    _printf_charcount                        0x00000000   Number         0  stubs.o ABSOLUTE
    _printf_d                                0x00000000   Number         0  stubs.o ABSOLUTE
    _printf_e                                0x00000000   Number         0  stubs.o ABSOLUTE
    _printf_f                                0x00000000   Number         0  stubs.o ABSOLUTE
    _printf_flags                            0x00000000   Number         0  stubs.o ABSOLUTE
    _printf_fp_dec                           0x00000000   Number         0  stubs.o ABSOLUTE
    _printf_fp_hex                           0x00000000   Number         0  stubs.o ABSOLUTE
    _printf_g                                0x00000000   Number         0  stubs.o ABSOLUTE
    _printf_i                                0x00000000   Number         0  stubs.o ABSOLUTE
    _printf_int_dec                          0x00000000   Number         0  stubs.o ABSOLUTE
    _printf_l                                0x00000000   Number         0  stubs.o ABSOLUTE
    _printf_lc                               0x00000000   Number         0  stubs.o ABSOLUTE
    _printf_ll                               0x00000000   Number         0  stubs.o ABSOLUTE
    _printf_lld                              0x00000000   Number         0  stubs.o ABSOLUTE
    _printf_lli                              0x00000000   Number         0  stubs.o ABSOLUTE
    _printf_llo                              0x00000000   Number         0  stubs.o ABSOLUTE
    _printf_llu                              0x00000000   Number         0  stubs.o ABSOLUTE
    _printf_llx                              0x00000000   Number         0  stubs.o ABSOLUTE
    _printf_longlong_dec                     0x00000000   Number         0  stubs.o ABSOLUTE
    _printf_longlong_hex                     0x00000000   Number         0  stubs.o ABSOLUTE
    _printf_longlong_oct                     0x00000000   Number         0  stubs.o ABSOLUTE
    _printf_ls                               0x00000000   Number         0  stubs.o ABSOLUTE
    _printf_mbtowc                           0x00000000   Number         0  stubs.o ABSOLUTE
    _printf_n                                0x00000000   Number         0  stubs.o ABSOLUTE
    _printf_o                                0x00000000   Number         0  stubs.o ABSOLUTE
    _printf_p                                0x00000000   Number         0  stubs.o ABSOLUTE
    _printf_percent                          0x00000000   Number         0  stubs.o ABSOLUTE
    _printf_pre_padding                      0x00000000   Number         0  stubs.o ABSOLUTE
    _printf_return_value                     0x00000000   Number         0  stubs.o ABSOLUTE
    _printf_s                                0x00000000   Number         0  stubs.o ABSOLUTE
    _printf_sizespec                         0x00000000   Number         0  stubs.o ABSOLUTE
    _printf_str                              0x00000000   Number         0  stubs.o ABSOLUTE
    _printf_truncate_signed                  0x00000000   Number         0  stubs.o ABSOLUTE
    _printf_truncate_unsigned                0x00000000   Number         0  stubs.o ABSOLUTE
    _printf_u                                0x00000000   Number         0  stubs.o ABSOLUTE
    _printf_wc                               0x00000000   Number         0  stubs.o ABSOLUTE
    _printf_wctomb                           0x00000000   Number         0  stubs.o ABSOLUTE
    _printf_widthprec                        0x00000000   Number         0  stubs.o ABSOLUTE
    _printf_x                                0x00000000   Number         0  stubs.o ABSOLUTE
    __cpp_initialize__aeabi_                  - Undefined Weak Reference
    __cxa_finalize                            - Undefined Weak Reference
    __decompress                              - Undefined Weak Reference
    _clock_init                               - Undefined Weak Reference
    _microlib_exit                            - Undefined Weak Reference
    __Vectors_End                            0x0000026c   Data           0  startup_tm4c123.o(RESET)
    __Vectors_Size                           0x0000026c   Number         0  startup_tm4c123.o ABSOLUTE
    __main                                   0x0000026d   Thumb Code     0  entry.o(.ARM.Collect$$$$00000000)
    _main_stk                                0x0000026d   Thumb Code     0  entry2.o(.ARM.Collect$$$$00000001)
    _main_scatterload                        0x00000271   Thumb Code     0  entry5.o(.ARM.Collect$$$$00000004)
    __main_after_scatterload                 0x00000275   Thumb Code     0  entry5.o(.ARM.Collect$$$$00000004)
    _main_clock                              0x00000275   Thumb Code     0  entry7b.o(.ARM.Collect$$$$00000008)
    _main_cpp_init                           0x00000275   Thumb Code     0  entry8b.o(.ARM.Collect$$$$0000000A)
    _main_init                               0x00000275   Thumb Code     0  entry9a.o(.ARM.Collect$$$$0000000B)
    __rt_final_cpp                           0x0000027d   Thumb Code     0  entry10a.o(.ARM.Collect$$$$0000000D)
    __rt_final_exit                          0x0000027d   Thumb Code     0  entry11a.o(.ARM.Collect$$$$0000000F)
    main                                     0x00000281   Thumb Code   154  main.o(.text)
    lcd_print_character                      0x000003cd   Thumb Code   152  ece353_hw2_fonts.o(.text)
    lcd_print_stringXY                       0x00000465   Thumb Code   108  ece353_hw2_fonts.o(.text)
    gpio_get_irq_num                         0x00000515   Thumb Code    74  gpio_port.o(.text)
    gpio_enable_port                         0x0000055f   Thumb Code   156  gpio_port.o(.text)
    gpio_config_digital_enable               0x000005fb   Thumb Code    34  gpio_port.o(.text)
    gpio_config_enable_output                0x0000061d   Thumb Code    34  gpio_port.o(.text)
    gpio_config_enable_input                 0x0000063f   Thumb Code    34  gpio_port.o(.text)
    gpio_config_enable_pullup                0x00000661   Thumb Code    34  gpio_port.o(.text)
    gpio_config_enable_pulldown              0x00000683   Thumb Code    34  gpio_port.o(.text)
    gpio_config_analog_enable                0x000006a5   Thumb Code    34  gpio_port.o(.text)
    gpio_config_alternate_function           0x000006c7   Thumb Code    34  gpio_port.o(.text)
    gpio_config_port_control                 0x000006e9   Thumb Code     6  gpio_port.o(.text)
    gpio_config_open_drain                   0x000006ef   Thumb Code     6  gpio_port.o(.text)
    gpio_config_falling_edge_irq             0x000006f5   Thumb Code     6  gpio_port.o(.text)
    lcd_set_pos                              0x0000077f   Thumb Code    58  lcd.o(.text)
    lcd_clear_screen                         0x000007b9   Thumb Code    52  lcd.o(.text)
    lcd_draw_image                           0x000007ed   Thumb Code   242  lcd.o(.text)
    lcd_config_gpio                          0x000008df   Thumb Code   152  lcd.o(.text)
    lcd_config_screen                        0x00000977   Thumb Code   566  lcd.o(.text)
    Reset_Handler                            0x00000bb1   Thumb Code     8  startup_tm4c123.o(.text)
    NMI_Handler                              0x00000bb9   Thumb Code     2  startup_tm4c123.o(.text)
    HardFault_Handler                        0x00000bbb   Thumb Code     2  startup_tm4c123.o(.text)
    MemManage_Handler                        0x00000bbd   Thumb Code     2  startup_tm4c123.o(.text)
    BusFault_Handler                         0x00000bbf   Thumb Code     2  startup_tm4c123.o(.text)
    UsageFault_Handler                       0x00000bc1   Thumb Code     2  startup_tm4c123.o(.text)
    SVC_Handler                              0x00000bc3   Thumb Code     2  startup_tm4c123.o(.text)
    DebugMon_Handler                         0x00000bc5   Thumb Code     2  startup_tm4c123.o(.text)
    PendSV_Handler                           0x00000bc7   Thumb Code     2  startup_tm4c123.o(.text)
    SysTick_Handler                          0x00000bc9   Thumb Code     2  startup_tm4c123.o(.text)
    GPIOA_Handler                            0x00000bcb   Thumb Code     2  startup_tm4c123.o(.text)
    GPIOB_Handler                            0x00000bcd   Thumb Code     2  startup_tm4c123.o(.text)
    GPIOC_Handler                            0x00000bcf   Thumb Code     2  startup_tm4c123.o(.text)
    GPIOD_Handler                            0x00000bd1   Thumb Code     2  startup_tm4c123.o(.text)
    GPIOE_Handler                            0x00000bd3   Thumb Code     2  startup_tm4c123.o(.text)
    UART0_Handler                            0x00000bd5   Thumb Code     2  startup_tm4c123.o(.text)
    UART1_Handler                            0x00000bd7   Thumb Code     2  startup_tm4c123.o(.text)
    SSI0_Handler                             0x00000bd9   Thumb Code     2  startup_tm4c123.o(.text)
    I2C0_Handler                             0x00000bdb   Thumb Code     2  startup_tm4c123.o(.text)
    PMW0_FAULT_Handler                       0x00000bdd   Thumb Code     2  startup_tm4c123.o(.text)
    PWM0_0_Handler                           0x00000bdf   Thumb Code     2  startup_tm4c123.o(.text)
    PWM0_1_Handler                           0x00000be1   Thumb Code     2  startup_tm4c123.o(.text)
    PWM0_2_Handler                           0x00000be3   Thumb Code     2  startup_tm4c123.o(.text)
    QEI0_Handler                             0x00000be5   Thumb Code     2  startup_tm4c123.o(.text)
    ADC0SS0_Handler                          0x00000be7   Thumb Code     2  startup_tm4c123.o(.text)
    ADC0SS1_Handler                          0x00000be9   Thumb Code     2  startup_tm4c123.o(.text)
    ADC0SS2_Handler                          0x00000beb   Thumb Code     2  startup_tm4c123.o(.text)
    ADC0SS3_Handler                          0x00000bed   Thumb Code     2  startup_tm4c123.o(.text)
    WDT0_Handler                             0x00000bef   Thumb Code     2  startup_tm4c123.o(.text)
    TIMER0A_Handler                          0x00000bf1   Thumb Code     2  startup_tm4c123.o(.text)
    TIMER0B_Handler                          0x00000bf3   Thumb Code     2  startup_tm4c123.o(.text)
    TIMER1A_Handler                          0x00000bf5   Thumb Code     2  startup_tm4c123.o(.text)
    TIMER1B_Handler                          0x00000bf7   Thumb Code     2  startup_tm4c123.o(.text)
    TIMER2A_Handler                          0x00000bf9   Thumb Code     2  startup_tm4c123.o(.text)
    TIMER2B_Handler                          0x00000bfb   Thumb Code     2  startup_tm4c123.o(.text)
    COMP0_Handler                            0x00000bfd   Thumb Code     2  startup_tm4c123.o(.text)
    COMP1_Handler                            0x00000bff   Thumb Code     2  startup_tm4c123.o(.text)
    COMP2_Handler                            0x00000c01   Thumb Code     2  startup_tm4c123.o(.text)
    SYSCTL_Handler                           0x00000c03   Thumb Code     2  startup_tm4c123.o(.text)
    FLASH_Handler                            0x00000c05   Thumb Code     2  startup_tm4c123.o(.text)
    GPIOF_Handler                            0x00000c07   Thumb Code     2  startup_tm4c123.o(.text)
    GPIOG_Handler                            0x00000c09   Thumb Code     2  startup_tm4c123.o(.text)
    GPIOH_Handler                            0x00000c0b   Thumb Code     2  startup_tm4c123.o(.text)
    UART2_Handler                            0x00000c0d   Thumb Code     2  startup_tm4c123.o(.text)
    SSI1_Handler                             0x00000c0f   Thumb Code     2  startup_tm4c123.o(.text)
    TIMER3A_Handler                          0x00000c11   Thumb Code     2  startup_tm4c123.o(.text)
    TIMER3B_Handler                          0x00000c13   Thumb Code     2  startup_tm4c123.o(.text)
    I2C1_Handler                             0x00000c15   Thumb Code     2  startup_tm4c123.o(.text)
    QEI1_Handler                             0x00000c17   Thumb Code     2  startup_tm4c123.o(.text)
    CAN0_Handler                             0x00000c19   Thumb Code     2  startup_tm4c123.o(.text)
    CAN1_Handler                             0x00000c1b   Thumb Code     2  startup_tm4c123.o(.text)
    CAN2_Handler                             0x00000c1d   Thumb Code     2  startup_tm4c123.o(.text)
    HIB_Handler                              0x00000c1f   Thumb Code     2  startup_tm4c123.o(.text)
    USB0_Handler                             0x00000c21   Thumb Code     2  startup_tm4c123.o(.text)
    PWM0_3_Handler                           0x00000c23   Thumb Code     2  startup_tm4c123.o(.text)
    UDMA_Handler                             0x00000c25   Thumb Code     2  startup_tm4c123.o(.text)
    UDMAERR_Handler                          0x00000c27   Thumb Code     2  startup_tm4c123.o(.text)
    ADC1SS0_Handler                          0x00000c29   Thumb Code     2  startup_tm4c123.o(.text)
    ADC1SS1_Handler                          0x00000c2b   Thumb Code     2  startup_tm4c123.o(.text)
    ADC1SS2_Handler                          0x00000c2d   Thumb Code     2  startup_tm4c123.o(.text)
    ADC1SS3_Handler                          0x00000c2f   Thumb Code     2  startup_tm4c123.o(.text)
    GPIOJ_Handler                            0x00000c31   Thumb Code     2  startup_tm4c123.o(.text)
    GPIOK_Handler                            0x00000c33   Thumb Code     2  startup_tm4c123.o(.text)
    GPIOL_Handler                            0x00000c35   Thumb Code     2  startup_tm4c123.o(.text)
    SSI2_Handler                             0x00000c37   Thumb Code     2  startup_tm4c123.o(.text)
    SSI3_Handler                             0x00000c39   Thumb Code     2  startup_tm4c123.o(.text)
    UART3_Handler                            0x00000c3b   Thumb Code     2  startup_tm4c123.o(.text)
    UART4_Handler                            0x00000c3d   Thumb Code     2  startup_tm4c123.o(.text)
    UART5_Handler                            0x00000c3f   Thumb Code     2  startup_tm4c123.o(.text)
    UART6_Handler                            0x00000c41   Thumb Code     2  startup_tm4c123.o(.text)
    UART7_Handler                            0x00000c43   Thumb Code     2  startup_tm4c123.o(.text)
    I2C2_Handler                             0x00000c45   Thumb Code     2  startup_tm4c123.o(.text)
    I2C3_Handler                             0x00000c47   Thumb Code     2  startup_tm4c123.o(.text)
    TIMER4A_Handler                          0x00000c49   Thumb Code     2  startup_tm4c123.o(.text)
    TIMER4B_Handler                          0x00000c4b   Thumb Code     2  startup_tm4c123.o(.text)
    TIMER5A_Handler                          0x00000c4d   Thumb Code     2  startup_tm4c123.o(.text)
    TIMER5B_Handler                          0x00000c4f   Thumb Code     2  startup_tm4c123.o(.text)
    WTIMER0A_Handler                         0x00000c51   Thumb Code     2  startup_tm4c123.o(.text)
    WTIMER0B_Handler                         0x00000c53   Thumb Code     2  startup_tm4c123.o(.text)
    WTIMER1A_Handler                         0x00000c55   Thumb Code     2  startup_tm4c123.o(.text)
    WTIMER1B_Handler                         0x00000c57   Thumb Code     2  startup_tm4c123.o(.text)
    WTIMER2A_Handler                         0x00000c59   Thumb Code     2  startup_tm4c123.o(.text)
    WTIMER2B_Handler                         0x00000c5b   Thumb Code     2  startup_tm4c123.o(.text)
    WTIMER3A_Handler                         0x00000c5d   Thumb Code     2  startup_tm4c123.o(.text)
    WTIMER3B_Handler                         0x00000c5f   Thumb Code     2  startup_tm4c123.o(.text)
    WTIMER4A_Handler                         0x00000c61   Thumb Code     2  startup_tm4c123.o(.text)
    WTIMER4B_Handler                         0x00000c63   Thumb Code     2  startup_tm4c123.o(.text)
    WTIMER5A_Handler                         0x00000c65   Thumb Code     2  startup_tm4c123.o(.text)
    WTIMER5B_Handler                         0x00000c67   Thumb Code     2  startup_tm4c123.o(.text)
    FPU_Handler                              0x00000c69   Thumb Code     2  startup_tm4c123.o(.text)
    I2C4_Handler                             0x00000c6b   Thumb Code     2  startup_tm4c123.o(.text)
    I2C5_Handler                             0x00000c6d   Thumb Code     2  startup_tm4c123.o(.text)
    GPIOM_Handler                            0x00000c6f   Thumb Code     2  startup_tm4c123.o(.text)
    GPION_Handler                            0x00000c71   Thumb Code     2  startup_tm4c123.o(.text)
    QEI2_Handler                             0x00000c73   Thumb Code     2  startup_tm4c123.o(.text)
    GPIOP0_Handler                           0x00000c75   Thumb Code     2  startup_tm4c123.o(.text)
    GPIOP1_Handler                           0x00000c77   Thumb Code     2  startup_tm4c123.o(.text)
    GPIOP2_Handler                           0x00000c79   Thumb Code     2  startup_tm4c123.o(.text)
    GPIOP3_Handler                           0x00000c7b   Thumb Code     2  startup_tm4c123.o(.text)
    GPIOP4_Handler                           0x00000c7d   Thumb Code     2  startup_tm4c123.o(.text)
    GPIOP5_Handler                           0x00000c7f   Thumb Code     2  startup_tm4c123.o(.text)
    GPIOP6_Handler                           0x00000c81   Thumb Code     2  startup_tm4c123.o(.text)
    GPIOP7_Handler                           0x00000c83   Thumb Code     2  startup_tm4c123.o(.text)
    GPIOQ0_Handler                           0x00000c85   Thumb Code     2  startup_tm4c123.o(.text)
    GPIOQ1_Handler                           0x00000c87   Thumb Code     2  startup_tm4c123.o(.text)
    GPIOQ2_Handler                           0x00000c89   Thumb Code     2  startup_tm4c123.o(.text)
    GPIOQ3_Handler                           0x00000c8b   Thumb Code     2  startup_tm4c123.o(.text)
    GPIOQ4_Handler                           0x00000c8d   Thumb Code     2  startup_tm4c123.o(.text)
    GPIOQ5_Handler                           0x00000c8f   Thumb Code     2  startup_tm4c123.o(.text)
    GPIOQ6_Handler                           0x00000c91   Thumb Code     2  startup_tm4c123.o(.text)
    GPIOQ7_Handler                           0x00000c93   Thumb Code     2  startup_tm4c123.o(.text)
    GPIOR_Handler                            0x00000c95   Thumb Code     2  startup_tm4c123.o(.text)
    GPIOS_Handler                            0x00000c97   Thumb Code     2  startup_tm4c123.o(.text)
    PMW1_0_Handler                           0x00000c99   Thumb Code     2  startup_tm4c123.o(.text)
    PWM1_1_Handler                           0x00000c9b   Thumb Code     2  startup_tm4c123.o(.text)
    PWM1_2_Handler                           0x00000c9d   Thumb Code     2  startup_tm4c123.o(.text)
    PWM1_3_Handler                           0x00000c9f   Thumb Code     2  startup_tm4c123.o(.text)
    PWM1_FAULT_Handler                       0x00000ca1   Thumb Code     2  startup_tm4c123.o(.text)
    SystemCoreClockUpdate                    0x00000d63   Thumb Code   184  system_tm4c123.o(.text)
    SystemInit                               0x00000e1b   Thumb Code   112  system_tm4c123.o(.text)
    put_string                               0x00000ef9   Thumb Code    34  validate_uart.o(.text)
    validate_print_ice_validation_info_start 0x00000f1b   Thumb Code    68  validate_uart.o(.text)
    validate_print_ice_validation_info_end   0x00000f5f   Thumb Code    68  validate_uart.o(.text)
    staff_uart_config_gpio                   0x00001021   Thumb Code    82  validate_uart.o(.text)
    staff_uart_config_polling                0x00001073   Thumb Code    68  validate_uart.o(.text)
    validate_uart_baud_rate                  0x000010b7   Thumb Code    26  validate_uart.o(.text)
    validate_uart_line_control               0x000010d1   Thumb Code    18  validate_uart.o(.text)
    validate_uart_interrupt_mask             0x000010e3   Thumb Code    18  validate_uart.o(.text)
    validate_uart_control                    0x000010f5   Thumb Code    18  validate_uart.o(.text)
    validate_uart_interrupts_enabled         0x00001107   Thumb Code    44  validate_uart.o(.text)
    put_char                                 0x00001133   Thumb Code    20  validate_uart.o(.text)
    get_char                                 0x00001147   Thumb Code    62  validate_uart.o(.text)
    get_string                               0x00001185   Thumb Code    40  validate_uart.o(.text)
    initialize_serial_debug                  0x000011ad   Thumb Code    12  validate_uart.o(.text)
    print_test_status                        0x000011b9   Thumb Code    52  validate_uart.o(.text)
    validate_uart                            0x000011ed   Thumb Code   126  validate_uart.o(.text)
    validate_gpio_rcgc                       0x0000141d   Thumb Code    26  validate_sysctl.o(.text)
    validate_adc_rcgc                        0x00001437   Thumb Code    28  validate_sysctl.o(.text)
    validate_gpt_rcgc                        0x00001453   Thumb Code    28  validate_sysctl.o(.text)
    validate_uart_rcgc                       0x0000146f   Thumb Code    28  validate_sysctl.o(.text)
    validate_spi_rcgc                        0x0000148b   Thumb Code    28  validate_sysctl.o(.text)
    __aeabi_memcpy                           0x000014c5   Thumb Code    36  memcpya.o(.text)
    __aeabi_memcpy4                          0x000014c5   Thumb Code     0  memcpya.o(.text)
    __aeabi_memcpy8                          0x000014c5   Thumb Code     0  memcpya.o(.text)
    strlen                                   0x000014e9   Thumb Code    14  strlen.o(.text)
    __aeabi_uidiv                            0x000014f7   Thumb Code     0  uidiv.o(.text)
    __aeabi_uidivmod                         0x000014f7   Thumb Code    44  uidiv.o(.text)
    __scatterload                            0x00001525   Thumb Code    28  init.o(.text)
    __scatterload_rt2                        0x00001525   Thumb Code     0  init.o(.text)
    __0sprintf$6                             0x00001549   Thumb Code    34  printf6.o(i.__0sprintf$6)
    __1sprintf$6                             0x00001549   Thumb Code     0  printf6.o(i.__0sprintf$6)
    __2sprintf                               0x00001549   Thumb Code     0  printf6.o(i.__0sprintf$6)
    __scatterload_copy                       0x00001571   Thumb Code    14  handlers.o(i.__scatterload_copy)
    __scatterload_null                       0x0000157f   Thumb Code     2  handlers.o(i.__scatterload_null)
    __scatterload_zeroinit                   0x00001581   Thumb Code    14  handlers.o(i.__scatterload_zeroinit)
    lcd_write_data_u16                       0x000018dd   Thumb Code    60  lcd.o(i.lcd_write_data_u16)
    courierNewBitmap                         0x00001928   Data        3040  ece353_hw2_fonts.o(.constdata)
    Region$$Table$$Base                      0x00002564   Number         0  anon$$obj.o(Region$$Table)
    Region$$Table$$Limit                     0x00002584   Number         0  anon$$obj.o(Region$$Table)
    individual                               0x20000000   Data          16  main.o(.data)
    SystemCoreClock                          0x20000010   Data           4  system_tm4c123.o(.data)
    __initial_sp                             0x20002018   Data           0  startup_tm4c123.o(STACK)



==============================================================================

Memory Map of the image

  Image Entry point : 0x00000bb1

  Load Region LR_1 (Base: 0x00000000, Size: 0x00002598, Max: 0xffffffff, ABSOLUTE)

    Execution Region ER_RO (Exec base: 0x00000000, Load base: 0x00000000, Size: 0x00002584, Max: 0xffffffff, ABSOLUTE)

    Exec Addr    Load Addr    Size         Type   Attr      Idx    E Section Name        Object

    0x00000000   0x00000000   0x0000026c   Data   RO          191    RESET               startup_tm4c123.o
    0x0000026c   0x0000026c   0x00000000   Code   RO          332  * .ARM.Collect$$$$00000000  mc_w.l(entry.o)
    0x0000026c   0x0000026c   0x00000004   Code   RO          602    .ARM.Collect$$$$00000001  mc_w.l(entry2.o)
    0x00000270   0x00000270   0x00000004   Code   RO          605    .ARM.Collect$$$$00000004  mc_w.l(entry5.o)
    0x00000274   0x00000274   0x00000000   Code   RO          607    .ARM.Collect$$$$00000008  mc_w.l(entry7b.o)
    0x00000274   0x00000274   0x00000000   Code   RO          609    .ARM.Collect$$$$0000000A  mc_w.l(entry8b.o)
    0x00000274   0x00000274   0x00000008   Code   RO          610    .ARM.Collect$$$$0000000B  mc_w.l(entry9a.o)
    0x0000027c   0x0000027c   0x00000000   Code   RO          612    .ARM.Collect$$$$0000000D  mc_w.l(entry10a.o)
    0x0000027c   0x0000027c   0x00000000   Code   RO          614    .ARM.Collect$$$$0000000F  mc_w.l(entry11a.o)
    0x0000027c   0x0000027c   0x00000004   Code   RO          603    .ARM.Collect$$$$00002712  mc_w.l(entry2.o)
    0x00000280   0x00000280   0x0000014c   Code   RO            4    .text               main.o
    0x000003cc   0x000003cc   0x00000108   Code   RO           93    .text               ece353_hw2_fonts.o
    0x000004d4   0x000004d4   0x00000248   Code   RO          126    .text               gpio_port.o
    0x0000071c   0x0000071c   0x00000494   Code   RO          150    .text               lcd.o
    0x00000bb0   0x00000bb0   0x000000fc   Code   RO          192  * .text               startup_tm4c123.o
    0x00000cac   0x00000cac   0x0000024c   Code   RO          199    .text               system_tm4c123.o
    0x00000ef8   0x00000ef8   0x00000400   Code   RO          229    .text               ECE353-Validate.lib(validate_uart.o)
    0x000012f8   0x000012f8   0x000001cc   Code   RO          311    .text               ECE353-Validate.lib(validate_sysctl.o)
    0x000014c4   0x000014c4   0x00000024   Code   RO          335    .text               mc_w.l(memcpya.o)
    0x000014e8   0x000014e8   0x0000000e   Code   RO          337    .text               mc_w.l(strlen.o)
    0x000014f6   0x000014f6   0x0000002c   Code   RO          619    .text               mc_w.l(uidiv.o)
    0x00001522   0x00001522   0x00000002   PAD
    0x00001524   0x00001524   0x00000024   Code   RO          634    .text               mc_w.l(init.o)
    0x00001548   0x00001548   0x00000028   Code   RO          498    i.__0sprintf$6      mc_w.l(printf6.o)
    0x00001570   0x00001570   0x0000000e   Code   RO          648    i.__scatterload_copy  mc_w.l(handlers.o)
    0x0000157e   0x0000157e   0x00000002   Code   RO          649    i.__scatterload_null  mc_w.l(handlers.o)
    0x00001580   0x00001580   0x0000000e   Code   RO          650    i.__scatterload_zeroinit  mc_w.l(handlers.o)
    0x0000158e   0x0000158e   0x00000002   PAD
    0x00001590   0x00001590   0x000002f0   Code   RO          503    i._printf_core      mc_w.l(printf6.o)
    0x00001880   0x00001880   0x00000024   Code   RO          504    i._printf_post_padding  mc_w.l(printf6.o)
    0x000018a4   0x000018a4   0x0000002e   Code   RO          505    i._printf_pre_padding  mc_w.l(printf6.o)
    0x000018d2   0x000018d2   0x0000000a   Code   RO          507    i._sputc            mc_w.l(printf6.o)
    0x000018dc   0x000018dc   0x0000004c   Code   RO          168    i.lcd_write_data_u16  lcd.o
    0x00001928   0x00001928   0x00000be0   Data   RO           94    .constdata          ece353_hw2_fonts.o
    0x00002508   0x00002508   0x0000005c   Data   RO          230    .conststring        ECE353-Validate.lib(validate_uart.o)
    0x00002564   0x00002564   0x00000020   Data   RO          646    Region$$Table       anon$$obj.o


    Execution Region ER_RW (Exec base: 0x20000000, Load base: 0x00002584, Size: 0x00000014, Max: 0xffffffff, ABSOLUTE)

    Exec Addr    Load Addr    Size         Type   Attr      Idx    E Section Name        Object

    0x20000000   0x00002584   0x00000010   Data   RW            5    .data               main.o
    0x20000010   0x00002594   0x00000004   Data   RW          200    .data               system_tm4c123.o


    Execution Region ER_ZI (Exec base: 0x20000014, Load base: 0x00002598, Size: 0x00002004, Max: 0xffffffff, ABSOLUTE)

    Exec Addr    Load Addr    Size         Type   Attr      Idx    E Section Name        Object

    0x20000014   0x00002598   0x00000004   PAD
    0x20000018        -       0x00002000   Zero   RW          189    STACK               startup_tm4c123.o


==============================================================================

Image component sizes


      Code (inc. data)   RO Data    RW Data    ZI Data      Debug   Object Name

       264          4       3040          0          0       2152   ece353_hw2_fonts.o
       584         34          0          0          0       4858   gpio_port.o
      1248         36          0          0          0       3697   lcd.o
       332        178          0         16          0      29200   main.o
       252         10        620          0       8192       5396   startup_tm4c123.o
       588        134          0          4          0       1469   system_tm4c123.o

    ----------------------------------------------------------------------
      3268        396       3692         20       8196      46772   Object Totals
         0          0         32          0          0          0   (incl. Generated)
         0          0          0          0          4          0   (incl. Padding)

    ----------------------------------------------------------------------

      Code (inc. data)   RO Data    RW Data    ZI Data      Debug   Library Member Name

       460         38          0          0          0       2598   validate_sysctl.o
      1024        150         92          0          0      31422   validate_uart.o
         0          0          0          0          0          0   entry.o
         0          0          0          0          0          0   entry10a.o
         0          0          0          0          0          0   entry11a.o
         8          4          0          0          0          0   entry2.o
         4          0          0          0          0          0   entry5.o
         0          0          0          0          0          0   entry7b.o
         0          0          0          0          0          0   entry8b.o
         8          4          0          0          0          0   entry9a.o
        30          0          0          0          0          0   handlers.o
        36          8          0          0          0         68   init.o
        36          0          0          0          0         68   memcpya.o
       884         10          0          0          0        420   printf6.o
        14          0          0          0          0         68   strlen.o
        44          0          0          0          0         80   uidiv.o

    ----------------------------------------------------------------------
      2552        214         92          0          0      34724   Library Totals
         4          0          0          0          0          0   (incl. Padding)

    ----------------------------------------------------------------------

      Code (inc. data)   RO Data    RW Data    ZI Data      Debug   Library Name

      1484        188         92          0          0      34020   ECE353-Validate.lib
      1064         26          0          0          0        704   mc_w.l

    ----------------------------------------------------------------------
      2552        214         92          0          0      34724   Library Totals

    ----------------------------------------------------------------------

==============================================================================


      Code (inc. data)   RO Data    RW Data    ZI Data      Debug   

      5820        610       3784         20       8196      80440   Grand Totals
      5820        610       3784         20       8196      80440   ELF Image Totals
      5820        610       3784         20          0          0   ROM Totals

==============================================================================

    Total RO  Size (Code + RO Data)                 9604 (   9.38kB)
    Total RW  Size (RW Data + ZI Data)              8216 (   8.02kB)
    Total ROM Size (Code + RO Data + RW Data)       9624 (   9.40kB)

==============================================================================

