


ARM Macro Assembler    Page 1 


    1 00000000         ; Filename:     ece353_hw1
    2 00000000         ; Author:       Kairat Satbekov
    3 00000000         ; Description:  
    4 00000000         
    5 00000000                 export           hw1
    6 00000000                 export           WS2812B_BYTES
    7 00000000                 export           UPDATE_LEDS
    8 00000000                 import           init_leds
    9 00000000                 import           rotate_leds
   10 00000000                 import           write_leds
   11 00000000         
   12 00000000 00000004 
                       WORD    EQU              4
   13 00000000 00000002 
                       HALF_WORD
                               EQU              2
   14 00000000 00000001 
                       BYTE    EQU              1
   15 00000000         
   16 00000000         ;*******************************************************
                       ************************* 
   17 00000000         ; SRAM
   18 00000000         ;*******************************************************
                       ************************* 
   19 00000000                 AREA             SRAM, READWRITE
   20 00000000         ;; TODO -- allocate space for WS2812B_BYTES and for UPDA
                       TE_LEDS
   21 00000000 00 00 00 
              00 00 00 
              00 00 00 
              00 00 00 
              00 00 00 
              00 00 00 
              00 00 00 
              00 00 00 WS2812B_BYTES
                               SPACE            24*BYTE
   22 00000018 00 00 00 
              00       UPDATE_LEDS
                               SPACE            1*WORD
   23 0000001C         
   24 0000001C                 align
   25 0000001C         
   26 0000001C         ;*******************************************************
                       ************************* 
   27 0000001C         ; Constant Variables (FLASH) Segment
   28 0000001C         ;*******************************************************
                       ************************* 
   29 0000001C                 AREA             FLASH, CODE, READONLY
   30 00000000                 align
   31 00000000         
   32 00000000         ;*******************************************************
                       ************************* 
   33 00000000         ;*******************************************************
                       ************************* 
   34 00000000         hw1     PROC
   35 00000000         ;; TODO -- Setup argument to pass to init_leds
   36 00000000         ;; TODO -- call init_leds routine
   37 00000000         
   38 00000000 4810            LDR              R0, =(WS2812B_BYTES)



ARM Macro Assembler    Page 2 


   39 00000002 4911            LDR              R1, =(UPDATE_LEDS)
   40 00000004         
   41 00000004 B403            PUSH             {R0-R1}
   42 00000006 F7FF FFFE       BL               init_leds
   43 0000000A BC03            POP              {R0-R1}
   44 0000000C         
   45 0000000C         infinite_loop
   46 0000000C         ;; TODO -- do stuff specified in HW1 problem statement
   47 0000000C         ;; If UPDATE_LEDS is zero branch back to infinite loop
   48 0000000C 680C            LDR              R4, [R1]
   49 0000000E 2C00            CMP              R4, #0
   50 00000010 D0FC            BEQ              infinite_loop
   51 00000012         ;; Otherwise
   52 00000012 B672            CPSID            I
   53 00000014 F240 0300 
              F2C0 0300        MOV32            R3, #0x00000000
   54 0000001C         
   55 0000001C         ;; pass the right parameters to rotate_leds
   56 0000001C 600B            STR              R3, [R1]
   57 0000001E B403            PUSH             {R0-R1}
   58 00000020 F04F 0108       MOV              R1, #8
   59 00000024 F7FF FFFE       BL               rotate_leds
   60 00000028 BC03            POP              {R0-R1}
   61 0000002A B407            PUSH             {R0-R2}
   62 0000002C F04F 0108       MOV              R1, #8
   63 00000030 F247 32FC 
              F2C4 0200        MOV32            R2, #0x400073FC
   64 00000038 F7FF FFFE       BL               write_leds
   65 0000003C BC07            POP              {R0-R2}
   66 0000003E B662            CPSIE            I
   67 00000040 E7E4            B                infinite_loop
   68 00000042         
   69 00000042                 ENDP
   70 00000042 00 00           align
   71 00000044         
   72 00000044         
   73 00000044                 END
              00000000 
              00000000 
Command Line: --debug --xref --diag_suppress=9931 --cpu=Cortex-M4.fp --apcs=int
erwork --depend=.\obj\ece353_hw1.d -o.\obj\ece353_hw1.o -I.\RTE\_HW1 -IC:\Keil_
v5\ARM\PACK\ARM\CMSIS\5.0.1\CMSIS\Include -IC:\Keil_v5\ARM\PACK\Keil\TM4C_DFP\1
.1.0\Device\Include\TM4C123 --predefine="__MICROLIB SETA 1" --predefine="__UVIS
ION_VERSION SETA 524" --predefine="_RTE_ SETA 1" --predefine="TM4C123GH6PM SETA
 1" --list=.\lst\ece353_hw1.lst ece353_hw1.s



ARM Macro Assembler    Page 1 Alphabetic symbol ordering
Relocatable symbols

SRAM 00000000

Symbol: SRAM
   Definitions
      At line 19 in file ece353_hw1.s
   Uses
      None
Comment: SRAM unused
UPDATE_LEDS 00000018

Symbol: UPDATE_LEDS
   Definitions
      At line 22 in file ece353_hw1.s
   Uses
      At line 7 in file ece353_hw1.s
      At line 39 in file ece353_hw1.s

WS2812B_BYTES 00000000

Symbol: WS2812B_BYTES
   Definitions
      At line 21 in file ece353_hw1.s
   Uses
      At line 6 in file ece353_hw1.s
      At line 38 in file ece353_hw1.s

3 symbols



ARM Macro Assembler    Page 1 Alphabetic symbol ordering
Relocatable symbols

FLASH 00000000

Symbol: FLASH
   Definitions
      At line 29 in file ece353_hw1.s
   Uses
      None
Comment: FLASH unused
hw1 00000000

Symbol: hw1
   Definitions
      At line 34 in file ece353_hw1.s
   Uses
      At line 5 in file ece353_hw1.s
Comment: hw1 used once
infinite_loop 0000000C

Symbol: infinite_loop
   Definitions
      At line 45 in file ece353_hw1.s
   Uses
      At line 50 in file ece353_hw1.s
      At line 67 in file ece353_hw1.s

3 symbols



ARM Macro Assembler    Page 1 Alphabetic symbol ordering
Absolute symbols

BYTE 00000001

Symbol: BYTE
   Definitions
      At line 14 in file ece353_hw1.s
   Uses
      At line 21 in file ece353_hw1.s
Comment: BYTE used once
HALF_WORD 00000002

Symbol: HALF_WORD
   Definitions
      At line 13 in file ece353_hw1.s
   Uses
      None
Comment: HALF_WORD unused
WORD 00000004

Symbol: WORD
   Definitions
      At line 12 in file ece353_hw1.s
   Uses
      At line 22 in file ece353_hw1.s
Comment: WORD used once
3 symbols



ARM Macro Assembler    Page 1 Alphabetic symbol ordering
External symbols

init_leds 00000000

Symbol: init_leds
   Definitions
      At line 8 in file ece353_hw1.s
   Uses
      At line 42 in file ece353_hw1.s
Comment: init_leds used once
rotate_leds 00000000

Symbol: rotate_leds
   Definitions
      At line 9 in file ece353_hw1.s
   Uses
      At line 59 in file ece353_hw1.s
Comment: rotate_leds used once
write_leds 00000000

Symbol: write_leds
   Definitions
      At line 10 in file ece353_hw1.s
   Uses
      At line 64 in file ece353_hw1.s
Comment: write_leds used once
3 symbols
349 symbols in table
